..                                                                       [100%]
=============================== warnings summary ===============================
tests/test_fraud_agent.py::test_fraud_detection
tests/test_fraud_agent.py::test_fraud_detection
tests/test_fraud_agent.py::test_restatement
tests/test_fraud_agent.py::test_restatement
  /app/core/utils/logging_utils.py:144: DeprecationWarning: datetime.datetime.utcnow() is deprecated and scheduled for removal in a future version. Use timezone-aware objects to represent datetimes in UTC: datetime.datetime.now(datetime.UTC).
    "timestamp": datetime.utcnow().isoformat(),

-- Docs: https://docs.pytest.org/en/stable/how-to/capture-warnings.html
2 passed, 4 warnings in 1.96s
